// Jest Snapshot v1, https://jestjs.io/docs/snapshot-testing

exports[`genSdkConfigSupplierAwsSecretsManager given: [case3] all retries exhausted when: [t0] supply is called then: throws MalfunctionError 1`] = `
"💥 MalfunctionError: failed to retrieve secret after retries

{
  "path": "/svc-x/prod/broken",
  "retries": 2,
  "lastError": "persistent failure"
}"
`;

exports[`genSdkConfigSupplierAwsSecretsManager given: [case4] secret not found when: [t0] supply is called then: throws BadRequestError 1`] = `
"BadRequestError: secret not found

{
  "path": "/nonexistent/secret",
  "hint": "check if secret exists in AWS Secrets Manager"
}"
`;

exports[`genSdkConfigSupplierAwsSecretsManager given: [case6] secret value is empty when: [t0] supply is called then: throws BadRequestError 1`] = `
"BadRequestError: secret value is empty

{
  "path": "/svc-x/prod/empty",
  "hint": "secret exists but has no value"
}"
`;
