// Jest Snapshot v1, https://jestjs.io/docs/snapshot-testing

exports[`sdk-config given: [case2] invalid schema in test environment when: [t0] getConfig called then: throws helpful error with details 1`] = `
"BadRequestError: config validation failed

{
  "errors": "database.required_field: Invalid input: expected string, received undefined",
  "environment": {
    "config": "test",
    "server": "local@unix"
  },
  "hint": "fix config to match schema"
}"
`;

exports[`sdk-config given: [case3] static config access when: [t0] getConfig.static() called then: returns raw config with placeholders 1`] = `
{
  "api": {
    "key": "$.at(aws::secret/shared/api/key)",
    "url": "https://api.test.example.com",
  },
  "database": {
    "host": "localhost",
    "password": "$.at(aws::param)",
    "port": 5432,
  },
}
`;

exports[`sdk-config given: [case5] supplier factories export correctly when: [t0] supplier factories are called then: supplier shape matches snapshot 1`] = `
{
  "paramSupplierKeys": [
    "scheme",
    "supply",
  ],
  "paramSupplierScheme": "aws::param",
  "secretSupplierKeys": [
    "scheme",
    "supply",
  ],
  "secretSupplierScheme": "aws::secret",
}
`;

exports[`sdk-config given: [case6] SdkConfigEnvironment export when: [t0] environment is constructed then: environment shape matches snapshot 1`] = `
SdkConfigEnvironment {
  "config": "test",
  "server": "local@unix",
}
`;
